<?xml version="1.0" encoding="utf-8"?><testsuites><testsuite name="pytest" errors="0" failures="0" skipped="0" tests="2" time="4.686" timestamp="2022-08-14T02:00:29.225947" hostname="list11"><testcase classname="tests.test_ampgo" name="test_grad_six_hump_camelback" time="0.011" /><testcase classname="tests.test_ampgo" name="test_ampgo_1" time="1.250" /><testcase time="0.005" /></testsuite></testsuites>